[INFO] Scanning for projects...
[INFO] 
[INFO] -------------------------< com.fpt.sb:HSFNEWS >-------------------------
[INFO] Building HSFNEWS 0.0.1-SNAPSHOT
[INFO]   from pom.xml
[INFO] --------------------------------[ jar ]---------------------------------
[INFO] 
[INFO] --- resources:3.3.1:resources (default-resources) @ HSFNEWS ---
[INFO] Copying 1 resource from src\main\resources to target\classes
[INFO] Copying 24 resources from src\main\resources to target\classes
[INFO] 
[INFO] --- compiler:3.14.1:compile (default-compile) @ HSFNEWS ---
[INFO] Nothing to compile - all classes are up to date.
[INFO] 
[INFO] --- resources:3.3.1:testResources (default-testResources) @ HSFNEWS ---
[INFO] skip non existing resourceDirectory D:\hsfproject\src\test\resources
[INFO] 
[INFO] --- compiler:3.14.1:testCompile (default-testCompile) @ HSFNEWS ---
[INFO] Nothing to compile - all classes are up to date.
[INFO] 
[INFO] --- surefire:3.5.4:test (default-test) @ HSFNEWS ---
[INFO] Using auto detected provider org.apache.maven.surefire.junitplatform.JUnitPlatformProvider
[INFO] 
[INFO] -------------------------------------------------------
[INFO]  T E S T S
[INFO] -------------------------------------------------------
[INFO] Running com.fpt.sb.hsfnews.HsfnewsApplicationTests
18:47:50.215 [main] INFO org.springframework.test.context.support.AnnotationConfigContextLoaderUtils -- Could not detect default configuration classes for test class [com.fpt.sb.hsfnews.HsfnewsApplicationTests]: HsfnewsApplicationTests does not declare any static, non-private, non-final, nested classes annotated with @Configuration.
18:47:50.366 [main] INFO org.springframework.boot.test.context.SpringBootTestContextBootstrapper -- Found @SpringBootConfiguration com.fpt.sb.hsfnews.HsfnewsApplication for test class com.fpt.sb.hsfnews.HsfnewsApplicationTests
18:47:50.555 [main] INFO org.springframework.boot.devtools.restart.RestartApplicationListener -- Restart disabled due to context in which it is running

  .   ____          _            __ _ _
 /\\ / ___'_ __ _ _(_)_ __  __ _ \ \ \ \
( ( )\___ | '_ | '_| | '_ \/ _` | \ \ \ \
 \\/  ___)| |_)| | | | | || (_| |  ) ) ) )
  '  |____| .__|_| |_|_| |_\__, | / / / /
 =========|_|==============|___/=/_/_/_/

 :: Spring Boot ::                (v4.0.3)

2026-03-26T18:47:50.821+07:00  INFO 36400 --- [HSFNEWS] [           main] c.f.sb.hsfnews.HsfnewsApplicationTests   : Starting HsfnewsApplicationTests using Java 25.0.1 with PID 36400 (started by ADMIN in D:\hsfproject)
2026-03-26T18:47:50.823+07:00  INFO 36400 --- [HSFNEWS] [           main] c.f.sb.hsfnews.HsfnewsApplicationTests   : No active profile set, falling back to 1 default profile: "default"
2026-03-26T18:47:51.614+07:00  INFO 36400 --- [HSFNEWS] [           main] .s.d.r.c.RepositoryConfigurationDelegate : Bootstrapping Spring Data JPA repositories in DEFAULT mode.
2026-03-26T18:47:51.694+07:00  INFO 36400 --- [HSFNEWS] [           main] .s.d.r.c.RepositoryConfigurationDelegate : Finished Spring Data repository scanning in 71 ms. Found 7 JPA repository interfaces.
2026-03-26T18:47:52.332+07:00  INFO 36400 --- [HSFNEWS] [           main] org.hibernate.orm.jpa                    : HHH008540: Processing PersistenceUnitInfo [name: default]
2026-03-26T18:47:52.390+07:00  INFO 36400 --- [HSFNEWS] [           main] org.hibernate.orm.core                   : HHH000001: Hibernate ORM core version 7.2.4.Final
2026-03-26T18:47:52.927+07:00  INFO 36400 --- [HSFNEWS] [           main] o.s.o.j.p.SpringPersistenceUnitInfo      : No LoadTimeWeaver setup: ignoring JPA class transformer
2026-03-26T18:47:52.959+07:00  INFO 36400 --- [HSFNEWS] [           main] com.zaxxer.hikari.HikariDataSource       : HikariPool-1 - Starting...
2026-03-26T18:47:53.283+07:00  INFO 36400 --- [HSFNEWS] [           main] com.zaxxer.hikari.pool.HikariPool        : HikariPool-1 - Added connection ConnectionID:1 ClientConnectionId: f601edb7-3ba2-416d-94dd-e5f899b04891
2026-03-26T18:47:53.285+07:00  INFO 36400 --- [HSFNEWS] [           main] com.zaxxer.hikari.HikariDataSource       : HikariPool-1 - Start completed.
2026-03-26T18:47:53.317+07:00  WARN 36400 --- [HSFNEWS] [           main] org.hibernate.orm.deprecation            : HHH90000025: SQLServerDialect does not need to be specified explicitly using 'hibernate.dialect' (remove the property setting and it will be selected by default)
2026-03-26T18:47:53.339+07:00  INFO 36400 --- [HSFNEWS] [           main] org.hibernate.orm.connections.pooling    : HHH10001005: Database info:
	Database JDBC URL [jdbc:sqlserver://localhost:1433;concatNullYieldsNull=ON;quotedIdentifier=ON;connectRetryInterval=10;connectRetryCount=1;maxResultBuffer=-1;sendTemporalDataTypesAsStringForBulkCopy=true;delayLoadingLobs=true;useFmtOnly=false;vectorTypeSupport=v1;cacheBulkCopyMetadata=false;bulkCopyForBatchInsertAllowEncryptedValueModifications=false;bulkCopyForBatchInsertTableLock=false;bulkCopyForBatchInsertKeepNulls=false;bulkCopyForBatchInsertKeepIdentity=false;bulkCopyForBatchInsertFireTriggers=false;bulkCopyForBatchInsertCheckConstraints=false;bulkCopyForBatchInsertBatchSize=0;useBulkCopyForBatchInsert=false;cancelQueryTimeout=-1;sslProtocol=TLS;calcBigDecimalPrecision=false;useDefaultJaasConfig=false;jaasConfigurationName=SQLJDBCDriver;statementPoolingCacheSize=0;serverPreparedStatementDiscardThreshold=10;enablePrepareOnFirstPreparedStatementCall=false;fips=false;socketTimeout=0;authentication=NotSpecified;authenticationScheme=nativeAuthentication;xopenStates=false;datetimeParameterType=datetime2;sendTimeAsDatetime=true;replication=false;trustStoreType=JKS;trustServerCertificate=true;TransparentNetworkIPResolution=true;iPAddressPreference=IPv4First;serverNameAsACE=false;sendStringParametersAsUnicode=true;selectMethod=direct;responseBuffering=adaptive;queryTimeout=-1;packetSize=8000;multiSubnetFailover=false;loginTimeout=30;lockTimeout=-1;lastUpdateCount=true;useDefaultGSSCredential=false;prepareMethod=prepexec;encrypt=true;disableStatementPooling=true;databaseName=project;columnEncryptionSetting=Disabled;applicationName=Microsoft JDBC Driver for SQL Server;applicationIntent=readwrite;]
	Database driver: Microsoft JDBC Driver 13.2 for SQL Server
	Database dialect: SQLServerDialect
	Database version: 16.0
	Default catalog/schema: project/dbo
	Autocommit mode: undefined/unknown
	Isolation level: READ_COMMITTED [default READ_COMMITTED]
	JDBC fetch size: 128
	Pool: DataSourceConnectionProvider
	Minimum pool size: undefined/unknown
	Maximum pool size: undefined/unknown
2026-03-26T18:47:54.615+07:00  INFO 36400 --- [HSFNEWS] [           main] org.hibernate.orm.core                   : HHH000489: No JTA platform available (set 'hibernate.transaction.jta.platform' to enable JTA platform integration)
Hibernate: 
    alter table article_tags 
       drop constraint if exists FKr17guaxramkeyxq0f1xn3bxbw
Hibernate: 
    alter table article_tags 
       drop constraint if exists FKeoil73g36agokjw6vuklqgli3
Hibernate: 
    alter table articles 
       drop constraint if exists FKe02fs2ut6qqoabfhj325wcjul
Hibernate: 
    alter table articles 
       drop constraint if exists FK7i4rryg7kqwyyrr08temnc71e
Hibernate: 
    alter table comments 
       drop constraint if exists FKk4ib6syde10dalk7r7xdl0m5p
Hibernate: 
    alter table comments 
       drop constraint if exists FKn2na60ukhs76ibtpt9burkm27
Hibernate: 
    alter table comments 
       drop constraint if exists FK7h839m3lkvhbyv3bcdv7sm4fj
Hibernate: 
    alter table comments 
       drop constraint if exists FKa3yurp9sl2wmxrp0od95je7dx
Hibernate: 
    alter table notifications 
       drop constraint if exists FKqqnsjxlwleyjbxlmm213jaj3f
Hibernate: 
    drop table if exists article_tags
Hibernate: 
    drop table if exists articles
Hibernate: 
    drop table if exists categories
Hibernate: 
    drop table if exists comments
Hibernate: 
    drop table if exists notifications
Hibernate: 
    drop table if exists tags
Hibernate: 
    drop table if exists users
Hibernate: 
    create table article_tags (
        article_id bigint not null,
        tag_id bigint not null,
        primary key (article_id, tag_id)
    )
Hibernate: 
    create table articles (
        views int not null,
        author_id bigint,
        category_id bigint,
        created_at datetime2(7) not null,
        id bigint identity not null,
        updated_at datetime2(7),
        title varchar(200) not null,
        summary varchar(500),
        content nvarchar(max) not null,
        status varchar(255) not null check ((status in ('DRAFT','PUBLISHED'))),
        thumbnail nvarchar(max),
        primary key (id)
    )
Hibernate: 
    create table categories (
        id bigint identity not null,
        description varchar(255),
        name varchar(255) not null,
        primary key (id)
    )
Hibernate: 
    create table comments (
        deleted bit not null,
        article_id bigint,
        author_id bigint not null,
        created_at datetime2(7),
        deleted_at datetime2(7),
        id bigint identity not null,
        parent_comment_id bigint,
        replaced_by_id bigint,
        updated_at datetime2(7),
        content TEXT,
        primary key (id)
    )
Hibernate: 
    create table notifications (
        is_read bit not null,
        article_id bigint,
        comment_id bigint,
        created_at datetime2(7),
        id bigint identity not null,
        parent_comment_id bigint,
        read_at datetime2(7),
        recipient_id bigint not null,
        actor_username varchar(100) not null,
        message varchar(500) not null,
        type varchar(255) not null,
        primary key (id)
    )
Hibernate: 
    create table tags (
        id bigint identity not null,
        name varchar(255) not null,
        primary key (id)
    )
Hibernate: 
    create table users (
        created_at datetime2(7),
        id bigint identity not null,
        full_name nvarchar(50) not null,
        username nvarchar(50) not null,
        email varchar(100) not null,
        password varchar(255) not null,
        role varchar(255) not null check ((role in ('ADMIN','MEMBER'))),
        primary key (id)
    )
Hibernate: 
    alter table categories 
       add constraint UKt8o6pivur7nn124jehx7cygw5 unique (name)
Hibernate: 
    alter table tags 
       add constraint UKt48xdq560gs3gap9g7jg36kgc unique (name)
Hibernate: 
    alter table users 
       add constraint UKr43af9ap4edm43mmtq01oddj6 unique (username)
Hibernate: 
    alter table article_tags 
       add constraint FKr17guaxramkeyxq0f1xn3bxbw 
       foreign key (tag_id) 
       references tags
Hibernate: 
    alter table article_tags 
       add constraint FKeoil73g36agokjw6vuklqgli3 
       foreign key (article_id) 
       references articles
Hibernate: 
    alter table articles 
       add constraint FKe02fs2ut6qqoabfhj325wcjul 
       foreign key (author_id) 
       references users
Hibernate: 
    alter table articles 
       add constraint FK7i4rryg7kqwyyrr08temnc71e 
       foreign key (category_id) 
       references categories
Hibernate: 
    alter table comments 
       add constraint FKk4ib6syde10dalk7r7xdl0m5p 
       foreign key (article_id) 
       references articles
Hibernate: 
    alter table comments 
       add constraint FKn2na60ukhs76ibtpt9burkm27 
       foreign key (author_id) 
       references users
Hibernate: 
    alter table comments 
       add constraint FK7h839m3lkvhbyv3bcdv7sm4fj 
       foreign key (parent_comment_id) 
       references comments
Hibernate: 
    alter table comments 
       add constraint FKa3yurp9sl2wmxrp0od95je7dx 
       foreign key (replaced_by_id) 
       references comments
Hibernate: 
    alter table notifications 
       add constraint FKqqnsjxlwleyjbxlmm213jaj3f 
       foreign key (recipient_id) 
       references users
2026-03-26T18:47:54.776+07:00  INFO 36400 --- [HSFNEWS] [           main] j.LocalContainerEntityManagerFactoryBean : Initialized JPA EntityManagerFactory for persistence unit 'default'
2026-03-26T18:47:54.888+07:00  INFO 36400 --- [HSFNEWS] [           main] o.s.d.j.r.query.QueryEnhancerFactories   : Hibernate is in classpath; If applicable, HQL parser will be used.
2026-03-26T18:47:57.314+07:00  INFO 36400 --- [HSFNEWS] [           main] r$InitializeUserDetailsManagerConfigurer : Global AuthenticationManager configured with UserDetailsService bean with name customUserDetailsService
2026-03-26T18:47:58.099+07:00  INFO 36400 --- [HSFNEWS] [           main] o.s.b.w.a.WelcomePageHandlerMapping      : Adding welcome page template: index
2026-03-26T18:47:58.652+07:00  INFO 36400 --- [HSFNEWS] [           main] o.s.m.s.b.SimpleBrokerMessageHandler     : Starting...
2026-03-26T18:47:58.654+07:00  INFO 36400 --- [HSFNEWS] [           main] o.s.m.s.b.SimpleBrokerMessageHandler     : BrokerAvailabilityEvent[available=true, SimpleBrokerMessageHandler [org.springframework.messaging.simp.broker.DefaultSubscriptionRegistry@3749adc6]]
2026-03-26T18:47:58.656+07:00  INFO 36400 --- [HSFNEWS] [           main] o.s.m.s.b.SimpleBrokerMessageHandler     : Started.
2026-03-26T18:47:58.710+07:00  INFO 36400 --- [HSFNEWS] [           main] c.f.sb.hsfnews.HsfnewsApplicationTests   : Started HsfnewsApplicationTests in 8.168 seconds (process running for 9.408)
Hibernate: 
    select
        u1_0.id,
        u1_0.created_at,
        u1_0.email,
        u1_0.full_name,
        u1_0.password,
        u1_0.role,
        u1_0.username 
    from
        users u1_0 
    where
        upper(u1_0.username)=upper(?)
Hibernate: 
    select
        u1_0.id,
        u1_0.created_at,
        u1_0.email,
        u1_0.full_name,
        u1_0.password,
        u1_0.role,
        u1_0.username 
    from
        users u1_0 
    where
        upper(u1_0.username)=upper(?)
Hibernate: 
    select
        u1_0.id,
        u1_0.created_at,
        u1_0.email,
        u1_0.full_name,
        u1_0.password,
        u1_0.role,
        u1_0.username 
    from
        users u1_0 
    where
        upper(u1_0.username)=upper(?)
Hibernate: 
    select
        u1_0.id,
        u1_0.created_at,
        u1_0.email,
        u1_0.full_name,
        u1_0.password,
        u1_0.role,
        u1_0.username 
    from
        users u1_0 
    where
        upper(u1_0.username)=upper(?)
? The Seeding Demo Data feature is ON. Loading sample data...
Hibernate: 
    select
        c1_0.id,
        c1_0.description,
        c1_0.name 
    from
        categories c1_0 
    where
        upper(c1_0.name)=upper(?)
Hibernate: 
    select
        c1_0.id,
        c1_0.description,
        c1_0.name 
    from
        categories c1_0 
    where
        upper(c1_0.name)=upper(?)
Hibernate: 
    select
        c1_0.id,
        c1_0.description,
        c1_0.name 
    from
        categories c1_0 
    where
        upper(c1_0.name)=upper(?)
Hibernate: 
    select
        t1_0.id,
        t1_0.name 
    from
        tags t1_0 
    where
        upper(t1_0.name)=upper(?)
Hibernate: 
    select
        t1_0.id,
        t1_0.name 
    from
        tags t1_0 
    where
        upper(t1_0.name)=upper(?)
Hibernate: 
    select
        t1_0.id,
        t1_0.name 
    from
        tags t1_0 
    where
        upper(t1_0.name)=upper(?)
Hibernate: 
    select
        t1_0.id,
        t1_0.name 
    from
        tags t1_0 
    where
        upper(t1_0.name)=upper(?)
Hibernate: 
    select
        t1_0.id,
        t1_0.name 
    from
        tags t1_0 
    where
        upper(t1_0.name)=upper(?)
Hibernate: 
    select
        t1_0.id,
        t1_0.name 
    from
        tags t1_0 
    where
        upper(t1_0.name)=upper(?)
Hibernate: 
    select
        t1_0.id,
        t1_0.name 
    from
        tags t1_0 
    where
        upper(t1_0.name)=upper(?)
Hibernate: 
    select
        t1_0.id,
        t1_0.name 
    from
        tags t1_0 
    where
        upper(t1_0.name)=upper(?)
Hibernate: 
    select
        t1_0.id,
        t1_0.name 
    from
        tags t1_0 
    where
        upper(t1_0.name)=upper(?)
Hibernate: 
    select
        t1_0.id,
        t1_0.name 
    from
        tags t1_0 
    where
        upper(t1_0.name)=upper(?)
Hibernate: 
    select
        a1_0.id,
        a1_0.author_id,
        a1_0.category_id,
        a1_0.content,
        a1_0.created_at,
        a1_0.status,
        a1_0.summary,
        a1_0.thumbnail,
        a1_0.title,
        a1_0.updated_at,
        a1_0.views 
    from
        articles a1_0 
    where
        upper(a1_0.title)=upper(?)
Hibernate: 
    select
        u1_0.id,
        u1_0.created_at,
        u1_0.email,
        u1_0.full_name,
        u1_0.password,
        u1_0.role,
        u1_0.username 
    from
        users u1_0 
    where
        u1_0.id=?
Hibernate: 
    select
        c1_0.id,
        c1_0.description,
        c1_0.name 
    from
        categories c1_0 
    where
        c1_0.id=?
Hibernate: 
    select
        a1_0.id,
        a2_0.id,
        a2_0.created_at,
        a2_0.email,
        a2_0.full_name,
        a2_0.password,
        a2_0.role,
        a2_0.username,
        c1_0.id,
        c1_0.description,
        c1_0.name,
        a1_0.content,
        a1_0.created_at,
        a1_0.status,
        a1_0.summary,
        a1_0.thumbnail,
        a1_0.title,
        a1_0.updated_at,
        a1_0.views,
        c2_0.article_id,
        c2_0.id,
        c2_0.author_id,
        a3_0.id,
        a3_0.created_at,
        a3_0.email,
        a3_0.full_name,
        a3_0.password,
        a3_0.role,
        a3_0.username,
        c2_0.content,
        c2_0.created_at,
        c2_0.deleted,
        c2_0.deleted_at,
        pc1_0.id,
        pc1_0.article_id,
        pc1_0.author_id,
        a5_0.id,
        a5_0.created_at,
        a5_0.email,
        a5_0.full_name,
        a5_0.password,
        a5_0.role,
        a5_0.username,
        pc1_0.content,
        pc1_0.created_at,
        pc1_0.deleted,
        pc1_0.deleted_at,
        pc1_0.parent_comment_id,
        pc1_0.replaced_by_id,
        pc1_0.updated_at,
        c2_0.replaced_by_id,
        c2_0.updated_at 
    from
        articles a1_0 
    left join
        users a2_0 
            on a2_0.id=a1_0.author_id 
    left join
        categories c1_0 
            on c1_0.id=a1_0.category_id 
    left join
        comments c2_0 
            on a1_0.id=c2_0.article_id 
    left join
        users a3_0 
            on a3_0.id=c2_0.author_id 
    left join
        comments pc1_0 
            on pc1_0.id=c2_0.parent_comment_id 
    left join
        users a5_0 
            on a5_0.id=pc1_0.author_id 
    where
        a1_0.id=?
Hibernate: 
    select
        r1_0.parent_comment_id,
        r1_0.id,
        a1_0.id,
        a2_0.id,
        a2_0.created_at,
        a2_0.email,
        a2_0.full_name,
        a2_0.password,
        a2_0.role,
        a2_0.username,
        c1_0.id,
        c1_0.description,
        c1_0.name,
        a1_0.content,
        a1_0.created_at,
        a1_0.status,
        a1_0.summary,
        a1_0.thumbnail,
        a1_0.title,
        a1_0.updated_at,
        a1_0.views,
        r1_0.author_id,
        a3_0.id,
        a3_0.created_at,
        a3_0.email,
        a3_0.full_name,
        a3_0.password,
        a3_0.role,
        a3_0.username,
        r1_0.content,
        r1_0.created_at,
        r1_0.deleted,
        r1_0.deleted_at,
        r1_0.replaced_by_id,
        r1_0.updated_at 
    from
        comments r1_0 
    left join
        articles a1_0 
            on a1_0.id=r1_0.article_id 
    left join
        users a2_0 
            on a2_0.id=a1_0.author_id 
    left join
        categories c1_0 
            on c1_0.id=a1_0.category_id 
    left join
        users a3_0 
            on a3_0.id=r1_0.author_id 
    where
        r1_0.parent_comment_id in (?, ?, ?, ?, ?, ?, ?, ?, ?, ?, ?, ?, ?, ?, ?, ?)
Hibernate: 
    select
        a1_0.id,
        a1_0.author_id,
        a1_0.category_id,
        a1_0.content,
        a1_0.created_at,
        a1_0.status,
        a1_0.summary,
        a1_0.thumbnail,
        a1_0.title,
        a1_0.updated_at,
        a1_0.views 
    from
        articles a1_0 
    where
        upper(a1_0.title)=upper(?)
Hibernate: 
    select
        u1_0.id,
        u1_0.created_at,
        u1_0.email,
        u1_0.full_name,
        u1_0.password,
        u1_0.role,
        u1_0.username 
    from
        users u1_0 
    where
        u1_0.id=?
Hibernate: 
    select
        c1_0.id,
        c1_0.description,
        c1_0.name 
    from
        categories c1_0 
    where
        c1_0.id=?
Hibernate: 
    select
        a1_0.id,
        a2_0.id,
        a2_0.created_at,
        a2_0.email,
        a2_0.full_name,
        a2_0.password,
        a2_0.role,
        a2_0.username,
        c1_0.id,
        c1_0.description,
        c1_0.name,
        a1_0.content,
        a1_0.created_at,
        a1_0.status,
        a1_0.summary,
        a1_0.thumbnail,
        a1_0.title,
        a1_0.updated_at,
        a1_0.views,
        c2_0.article_id,
        c2_0.id,
        c2_0.author_id,
        a3_0.id,
        a3_0.created_at,
        a3_0.email,
        a3_0.full_name,
        a3_0.password,
        a3_0.role,
        a3_0.username,
        c2_0.content,
        c2_0.created_at,
        c2_0.deleted,
        c2_0.deleted_at,
        pc1_0.id,
        pc1_0.article_id,
        pc1_0.author_id,
        a5_0.id,
        a5_0.created_at,
        a5_0.email,
        a5_0.full_name,
        a5_0.password,
        a5_0.role,
        a5_0.username,
        pc1_0.content,
        pc1_0.created_at,
        pc1_0.deleted,
        pc1_0.deleted_at,
        pc1_0.parent_comment_id,
        pc1_0.replaced_by_id,
        pc1_0.updated_at,
        c2_0.replaced_by_id,
        c2_0.updated_at 
    from
        articles a1_0 
    left join
        users a2_0 
            on a2_0.id=a1_0.author_id 
    left join
        categories c1_0 
            on c1_0.id=a1_0.category_id 
    left join
        comments c2_0 
            on a1_0.id=c2_0.article_id 
    left join
        users a3_0 
            on a3_0.id=c2_0.author_id 
    left join
        comments pc1_0 
            on pc1_0.id=c2_0.parent_comment_id 
    left join
        users a5_0 
            on a5_0.id=pc1_0.author_id 
    where
        a1_0.id=?
Hibernate: 
    select
        r1_0.parent_comment_id,
        r1_0.id,
        a1_0.id,
        a2_0.id,
        a2_0.created_at,
        a2_0.email,
        a2_0.full_name,
        a2_0.password,
        a2_0.role,
        a2_0.username,
        c1_0.id,
        c1_0.description,
        c1_0.name,
        a1_0.content,
        a1_0.created_at,
        a1_0.status,
        a1_0.summary,
        a1_0.thumbnail,
        a1_0.title,
        a1_0.updated_at,
        a1_0.views,
        r1_0.author_id,
        a3_0.id,
        a3_0.created_at,
        a3_0.email,
        a3_0.full_name,
        a3_0.password,
        a3_0.role,
        a3_0.username,
        r1_0.content,
        r1_0.created_at,
        r1_0.deleted,
        r1_0.deleted_at,
        r1_0.replaced_by_id,
        r1_0.updated_at 
    from
        comments r1_0 
    left join
        articles a1_0 
            on a1_0.id=r1_0.article_id 
    left join
        users a2_0 
            on a2_0.id=a1_0.author_id 
    left join
        categories c1_0 
            on c1_0.id=a1_0.category_id 
    left join
        users a3_0 
            on a3_0.id=r1_0.author_id 
    where
        r1_0.parent_comment_id in (?, ?, ?, ?, ?, ?, ?, ?, ?, ?, ?, ?, ?, ?, ?, ?)
Hibernate: 
    select
        a1_0.id,
        a1_0.author_id,
        a1_0.category_id,
        a1_0.content,
        a1_0.created_at,
        a1_0.status,
        a1_0.summary,
        a1_0.thumbnail,
        a1_0.title,
        a1_0.updated_at,
        a1_0.views 
    from
        articles a1_0 
    where
        upper(a1_0.title)=upper(?)
Hibernate: 
    select
        u1_0.id,
        u1_0.created_at,
        u1_0.email,
        u1_0.full_name,
        u1_0.password,
        u1_0.role,
        u1_0.username 
    from
        users u1_0 
    where
        u1_0.id=?
Hibernate: 
    select
        c1_0.id,
        c1_0.description,
        c1_0.name 
    from
        categories c1_0 
    where
        c1_0.id=?
Hibernate: 
    select
        a1_0.id,
        a2_0.id,
        a2_0.created_at,
        a2_0.email,
        a2_0.full_name,
        a2_0.password,
        a2_0.role,
        a2_0.username,
        c1_0.id,
        c1_0.description,
        c1_0.name,
        a1_0.content,
        a1_0.created_at,
        a1_0.status,
        a1_0.summary,
        a1_0.thumbnail,
        a1_0.title,
        a1_0.updated_at,
        a1_0.views,
        c2_0.article_id,
        c2_0.id,
        c2_0.author_id,
        a3_0.id,
        a3_0.created_at,
        a3_0.email,
        a3_0.full_name,
        a3_0.password,
        a3_0.role,
        a3_0.username,
        c2_0.content,
        c2_0.created_at,
        c2_0.deleted,
        c2_0.deleted_at,
        pc1_0.id,
        pc1_0.article_id,
        pc1_0.author_id,
        a5_0.id,
        a5_0.created_at,
        a5_0.email,
        a5_0.full_name,
        a5_0.password,
        a5_0.role,
        a5_0.username,
        pc1_0.content,
        pc1_0.created_at,
        pc1_0.deleted,
        pc1_0.deleted_at,
        pc1_0.parent_comment_id,
        pc1_0.replaced_by_id,
        pc1_0.updated_at,
        c2_0.replaced_by_id,
        c2_0.updated_at 
    from
        articles a1_0 
    left join
        users a2_0 
            on a2_0.id=a1_0.author_id 
    left join
        categories c1_0 
            on c1_0.id=a1_0.category_id 
    left join
        comments c2_0 
            on a1_0.id=c2_0.article_id 
    left join
        users a3_0 
            on a3_0.id=c2_0.author_id 
    left join
        comments pc1_0 
            on pc1_0.id=c2_0.parent_comment_id 
    left join
        users a5_0 
            on a5_0.id=pc1_0.author_id 
    where
        a1_0.id=?
Hibernate: 
    select
        r1_0.parent_comment_id,
        r1_0.id,
        a1_0.id,
        a2_0.id,
        a2_0.created_at,
        a2_0.email,
        a2_0.full_name,
        a2_0.password,
        a2_0.role,
        a2_0.username,
        c1_0.id,
        c1_0.description,
        c1_0.name,
        a1_0.content,
        a1_0.created_at,
        a1_0.status,
        a1_0.summary,
        a1_0.thumbnail,
        a1_0.title,
        a1_0.updated_at,
        a1_0.views,
        r1_0.author_id,
        a3_0.id,
        a3_0.created_at,
        a3_0.email,
        a3_0.full_name,
        a3_0.password,
        a3_0.role,
        a3_0.username,
        r1_0.content,
        r1_0.created_at,
        r1_0.deleted,
        r1_0.deleted_at,
        r1_0.replaced_by_id,
        r1_0.updated_at 
    from
        comments r1_0 
    left join
        articles a1_0 
            on a1_0.id=r1_0.article_id 
    left join
        users a2_0 
            on a2_0.id=a1_0.author_id 
    left join
        categories c1_0 
            on c1_0.id=a1_0.category_id 
    left join
        users a3_0 
            on a3_0.id=r1_0.author_id 
    where
        r1_0.parent_comment_id in (?, ?, ?, ?, ?, ?, ?, ?, ?, ?, ?, ?, ?, ?, ?, ?)
Hibernate: 
    select
        a1_0.id,
        a1_0.author_id,
        a1_0.category_id,
        a1_0.content,
        a1_0.created_at,
        a1_0.status,
        a1_0.summary,
        a1_0.thumbnail,
        a1_0.title,
        a1_0.updated_at,
        a1_0.views 
    from
        articles a1_0 
    where
        upper(a1_0.title)=upper(?)
Hibernate: 
    select
        u1_0.id,
        u1_0.created_at,
        u1_0.email,
        u1_0.full_name,
        u1_0.password,
        u1_0.role,
        u1_0.username 
    from
        users u1_0 
    where
        u1_0.id=?
Hibernate: 
    select
        c1_0.id,
        c1_0.description,
        c1_0.name 
    from
        categories c1_0 
    where
        c1_0.id=?
Hibernate: 
    select
        a1_0.id,
        a2_0.id,
        a2_0.created_at,
        a2_0.email,
        a2_0.full_name,
        a2_0.password,
        a2_0.role,
        a2_0.username,
        c1_0.id,
        c1_0.description,
        c1_0.name,
        a1_0.content,
        a1_0.created_at,
        a1_0.status,
        a1_0.summary,
        a1_0.thumbnail,
        a1_0.title,
        a1_0.updated_at,
        a1_0.views,
        c2_0.article_id,
        c2_0.id,
        c2_0.author_id,
        a3_0.id,
        a3_0.created_at,
        a3_0.email,
        a3_0.full_name,
        a3_0.password,
        a3_0.role,
        a3_0.username,
        c2_0.content,
        c2_0.created_at,
        c2_0.deleted,
        c2_0.deleted_at,
        pc1_0.id,
        pc1_0.article_id,
        pc1_0.author_id,
        a5_0.id,
        a5_0.created_at,
        a5_0.email,
        a5_0.full_name,
        a5_0.password,
        a5_0.role,
        a5_0.username,
        pc1_0.content,
        pc1_0.created_at,
        pc1_0.deleted,
        pc1_0.deleted_at,
        pc1_0.parent_comment_id,
        pc1_0.replaced_by_id,
        pc1_0.updated_at,
        c2_0.replaced_by_id,
        c2_0.updated_at 
    from
        articles a1_0 
    left join
        users a2_0 
            on a2_0.id=a1_0.author_id 
    left join
        categories c1_0 
            on c1_0.id=a1_0.category_id 
    left join
        comments c2_0 
            on a1_0.id=c2_0.article_id 
    left join
        users a3_0 
            on a3_0.id=c2_0.author_id 
    left join
        comments pc1_0 
            on pc1_0.id=c2_0.parent_comment_id 
    left join
        users a5_0 
            on a5_0.id=pc1_0.author_id 
    where
        a1_0.id=?
Hibernate: 
    select
        r1_0.parent_comment_id,
        r1_0.id,
        a1_0.id,
        a2_0.id,
        a2_0.created_at,
        a2_0.email,
        a2_0.full_name,
        a2_0.password,
        a2_0.role,
        a2_0.username,
        c1_0.id,
        c1_0.description,
        c1_0.name,
        a1_0.content,
        a1_0.created_at,
        a1_0.status,
        a1_0.summary,
        a1_0.thumbnail,
        a1_0.title,
        a1_0.updated_at,
        a1_0.views,
        r1_0.author_id,
        a3_0.id,
        a3_0.created_at,
        a3_0.email,
        a3_0.full_name,
        a3_0.password,
        a3_0.role,
        a3_0.username,
        r1_0.content,
        r1_0.created_at,
        r1_0.deleted,
        r1_0.deleted_at,
        r1_0.replaced_by_id,
        r1_0.updated_at 
    from
        comments r1_0 
    left join
        articles a1_0 
            on a1_0.id=r1_0.article_id 
    left join
        users a2_0 
            on a2_0.id=a1_0.author_id 
    left join
        categories c1_0 
            on c1_0.id=a1_0.category_id 
    left join
        users a3_0 
            on a3_0.id=r1_0.author_id 
    where
        r1_0.parent_comment_id=?
Hibernate: 
    select
        a1_0.id,
        a1_0.author_id,
        a1_0.category_id,
        a1_0.content,
        a1_0.created_at,
        a1_0.status,
        a1_0.summary,
        a1_0.thumbnail,
        a1_0.title,
        a1_0.updated_at,
        a1_0.views 
    from
        articles a1_0 
    where
        upper(a1_0.title)=upper(?)
Hibernate: 
    select
        u1_0.id,
        u1_0.created_at,
        u1_0.email,
        u1_0.full_name,
        u1_0.password,
        u1_0.role,
        u1_0.username 
    from
        users u1_0 
    where
        u1_0.id=?
Hibernate: 
    select
        c1_0.id,
        c1_0.description,
        c1_0.name 
    from
        categories c1_0 
    where
        c1_0.id=?
Hibernate: 
    select
        a1_0.id,
        a2_0.id,
        a2_0.created_at,
        a2_0.email,
        a2_0.full_name,
        a2_0.password,
        a2_0.role,
        a2_0.username,
        c1_0.id,
        c1_0.description,
        c1_0.name,
        a1_0.content,
        a1_0.created_at,
        a1_0.status,
        a1_0.summary,
        a1_0.thumbnail,
        a1_0.title,
        a1_0.updated_at,
        a1_0.views,
        c2_0.article_id,
        c2_0.id,
        c2_0.author_id,
        a3_0.id,
        a3_0.created_at,
        a3_0.email,
        a3_0.full_name,
        a3_0.password,
        a3_0.role,
        a3_0.username,
        c2_0.content,
        c2_0.created_at,
        c2_0.deleted,
        c2_0.deleted_at,
        pc1_0.id,
        pc1_0.article_id,
        pc1_0.author_id,
        a5_0.id,
        a5_0.created_at,
        a5_0.email,
        a5_0.full_name,
        a5_0.password,
        a5_0.role,
        a5_0.username,
        pc1_0.content,
        pc1_0.created_at,
        pc1_0.deleted,
        pc1_0.deleted_at,
        pc1_0.parent_comment_id,
        pc1_0.replaced_by_id,
        pc1_0.updated_at,
        c2_0.replaced_by_id,
        c2_0.updated_at 
    from
        articles a1_0 
    left join
        users a2_0 
            on a2_0.id=a1_0.author_id 
    left join
        categories c1_0 
            on c1_0.id=a1_0.category_id 
    left join
        comments c2_0 
            on a1_0.id=c2_0.article_id 
    left join
        users a3_0 
            on a3_0.id=c2_0.author_id 
    left join
        comments pc1_0 
            on pc1_0.id=c2_0.parent_comment_id 
    left join
        users a5_0 
            on a5_0.id=pc1_0.author_id 
    where
        a1_0.id=?
Hibernate: 
    select
        r1_0.parent_comment_id,
        r1_0.id,
        a1_0.id,
        a2_0.id,
        a2_0.created_at,
        a2_0.email,
        a2_0.full_name,
        a2_0.password,
        a2_0.role,
        a2_0.username,
        c1_0.id,
        c1_0.description,
        c1_0.name,
        a1_0.content,
        a1_0.created_at,
        a1_0.status,
        a1_0.summary,
        a1_0.thumbnail,
        a1_0.title,
        a1_0.updated_at,
        a1_0.views,
        r1_0.author_id,
        a3_0.id,
        a3_0.created_at,
        a3_0.email,
        a3_0.full_name,
        a3_0.password,
        a3_0.role,
        a3_0.username,
        r1_0.content,
        r1_0.created_at,
        r1_0.deleted,
        r1_0.deleted_at,
        r1_0.replaced_by_id,
        r1_0.updated_at 
    from
        comments r1_0 
    left join
        articles a1_0 
            on a1_0.id=r1_0.article_id 
    left join
        users a2_0 
            on a2_0.id=a1_0.author_id 
    left join
        categories c1_0 
            on c1_0.id=a1_0.category_id 
    left join
        users a3_0 
            on a3_0.id=r1_0.author_id 
    where
        r1_0.parent_comment_id=?
Hibernate: 
    select
        a1_0.id,
        a1_0.author_id,
        a1_0.category_id,
        a1_0.content,
        a1_0.created_at,
        a1_0.status,
        a1_0.summary,
        a1_0.thumbnail,
        a1_0.title,
        a1_0.updated_at,
        a1_0.views 
    from
        articles a1_0 
    where
        upper(a1_0.title)=upper(?)
Hibernate: 
    select
        u1_0.id,
        u1_0.created_at,
        u1_0.email,
        u1_0.full_name,
        u1_0.password,
        u1_0.role,
        u1_0.username 
    from
        users u1_0 
    where
        u1_0.id=?
Hibernate: 
    select
        c1_0.id,
        c1_0.description,
        c1_0.name 
    from
        categories c1_0 
    where
        c1_0.id=?
Hibernate: 
    select
        a1_0.id,
        a2_0.id,
        a2_0.created_at,
        a2_0.email,
        a2_0.full_name,
        a2_0.password,
        a2_0.role,
        a2_0.username,
        c1_0.id,
        c1_0.description,
        c1_0.name,
        a1_0.content,
        a1_0.created_at,
        a1_0.status,
        a1_0.summary,
        a1_0.thumbnail,
        a1_0.title,
        a1_0.updated_at,
        a1_0.views,
        c2_0.article_id,
        c2_0.id,
        c2_0.author_id,
        a3_0.id,
        a3_0.created_at,
        a3_0.email,
        a3_0.full_name,
        a3_0.password,
        a3_0.role,
        a3_0.username,
        c2_0.content,
        c2_0.created_at,
        c2_0.deleted,
        c2_0.deleted_at,
        pc1_0.id,
        pc1_0.article_id,
        pc1_0.author_id,
        a5_0.id,
        a5_0.created_at,
        a5_0.email,
        a5_0.full_name,
        a5_0.password,
        a5_0.role,
        a5_0.username,
        pc1_0.content,
        pc1_0.created_at,
        pc1_0.deleted,
        pc1_0.deleted_at,
        pc1_0.parent_comment_id,
        pc1_0.replaced_by_id,
        pc1_0.updated_at,
        c2_0.replaced_by_id,
        c2_0.updated_at 
    from
        articles a1_0 
    left join
        users a2_0 
            on a2_0.id=a1_0.author_id 
    left join
        categories c1_0 
            on c1_0.id=a1_0.category_id 
    left join
        comments c2_0 
            on a1_0.id=c2_0.article_id 
    left join
        users a3_0 
            on a3_0.id=c2_0.author_id 
    left join
        comments pc1_0 
            on pc1_0.id=c2_0.parent_comment_id 
    left join
        users a5_0 
            on a5_0.id=pc1_0.author_id 
    where
        a1_0.id=?
Hibernate: 
    select
        r1_0.parent_comment_id,
        r1_0.id,
        a1_0.id,
        a2_0.id,
        a2_0.created_at,
        a2_0.email,
        a2_0.full_name,
        a2_0.password,
        a2_0.role,
        a2_0.username,
        c1_0.id,
        c1_0.description,
        c1_0.name,
        a1_0.content,
        a1_0.created_at,
        a1_0.status,
        a1_0.summary,
        a1_0.thumbnail,
        a1_0.title,
        a1_0.updated_at,
        a1_0.views,
        r1_0.author_id,
        a3_0.id,
        a3_0.created_at,
        a3_0.email,
        a3_0.full_name,
        a3_0.password,
        a3_0.role,
        a3_0.username,
        r1_0.content,
        r1_0.created_at,
        r1_0.deleted,
        r1_0.deleted_at,
        r1_0.replaced_by_id,
        r1_0.updated_at 
    from
        comments r1_0 
    left join
        articles a1_0 
            on a1_0.id=r1_0.article_id 
    left join
        users a2_0 
            on a2_0.id=a1_0.author_id 
    left join
        categories c1_0 
            on c1_0.id=a1_0.category_id 
    left join
        users a3_0 
            on a3_0.id=r1_0.author_id 
    where
        r1_0.parent_comment_id=?
Hibernate: 
    select
        a1_0.id,
        a1_0.author_id,
        a1_0.category_id,
        a1_0.content,
        a1_0.created_at,
        a1_0.status,
        a1_0.summary,
        a1_0.thumbnail,
        a1_0.title,
        a1_0.updated_at,
        a1_0.views 
    from
        articles a1_0 
    where
        upper(a1_0.title)=upper(?)
Hibernate: 
    select
        u1_0.id,
        u1_0.created_at,
        u1_0.email,
        u1_0.full_name,
        u1_0.password,
        u1_0.role,
        u1_0.username 
    from
        users u1_0 
    where
        u1_0.id=?
Hibernate: 
    select
        c1_0.id,
        c1_0.description,
        c1_0.name 
    from
        categories c1_0 
    where
        c1_0.id=?
Hibernate: 
    select
        a1_0.id,
        a2_0.id,
        a2_0.created_at,
        a2_0.email,
        a2_0.full_name,
        a2_0.password,
        a2_0.role,
        a2_0.username,
        c1_0.id,
        c1_0.description,
        c1_0.name,
        a1_0.content,
        a1_0.created_at,
        a1_0.status,
        a1_0.summary,
        a1_0.thumbnail,
        a1_0.title,
        a1_0.updated_at,
        a1_0.views,
        c2_0.article_id,
        c2_0.id,
        c2_0.author_id,
        a3_0.id,
        a3_0.created_at,
        a3_0.email,
        a3_0.full_name,
        a3_0.password,
        a3_0.role,
        a3_0.username,
        c2_0.content,
        c2_0.created_at,
        c2_0.deleted,
        c2_0.deleted_at,
        pc1_0.id,
        pc1_0.article_id,
        pc1_0.author_id,
        a5_0.id,
        a5_0.created_at,
        a5_0.email,
        a5_0.full_name,
        a5_0.password,
        a5_0.role,
        a5_0.username,
        pc1_0.content,
        pc1_0.created_at,
        pc1_0.deleted,
        pc1_0.deleted_at,
        pc1_0.parent_comment_id,
        pc1_0.replaced_by_id,
        pc1_0.updated_at,
        c2_0.replaced_by_id,
        c2_0.updated_at 
    from
        articles a1_0 
    left join
        users a2_0 
            on a2_0.id=a1_0.author_id 
    left join
        categories c1_0 
            on c1_0.id=a1_0.category_id 
    left join
        comments c2_0 
            on a1_0.id=c2_0.article_id 
    left join
        users a3_0 
            on a3_0.id=c2_0.author_id 
    left join
        comments pc1_0 
            on pc1_0.id=c2_0.parent_comment_id 
    left join
        users a5_0 
            on a5_0.id=pc1_0.author_id 
    where
        a1_0.id=?
Hibernate: 
    select
        r1_0.parent_comment_id,
        r1_0.id,
        a1_0.id,
        a2_0.id,
        a2_0.created_at,
        a2_0.email,
        a2_0.full_name,
        a2_0.password,
        a2_0.role,
        a2_0.username,
        c1_0.id,
        c1_0.description,
        c1_0.name,
        a1_0.content,
        a1_0.created_at,
        a1_0.status,
        a1_0.summary,
        a1_0.thumbnail,
        a1_0.title,
        a1_0.updated_at,
        a1_0.views,
        r1_0.author_id,
        a3_0.id,
        a3_0.created_at,
        a3_0.email,
        a3_0.full_name,
        a3_0.password,
        a3_0.role,
        a3_0.username,
        r1_0.content,
        r1_0.created_at,
        r1_0.deleted,
        r1_0.deleted_at,
        r1_0.replaced_by_id,
        r1_0.updated_at 
    from
        comments r1_0 
    left join
        articles a1_0 
            on a1_0.id=r1_0.article_id 
    left join
        users a2_0 
            on a2_0.id=a1_0.author_id 
    left join
        categories c1_0 
            on c1_0.id=a1_0.category_id 
    left join
        users a3_0 
            on a3_0.id=r1_0.author_id 
    where
        r1_0.parent_comment_id=?
Hibernate: 
    select
        a1_0.id,
        a1_0.author_id,
        a1_0.category_id,
        a1_0.content,
        a1_0.created_at,
        a1_0.status,
        a1_0.summary,
        a1_0.thumbnail,
        a1_0.title,
        a1_0.updated_at,
        a1_0.views 
    from
        articles a1_0 
    where
        upper(a1_0.title)=upper(?)
Hibernate: 
    select
        u1_0.id,
        u1_0.created_at,
        u1_0.email,
        u1_0.full_name,
        u1_0.password,
        u1_0.role,
        u1_0.username 
    from
        users u1_0 
    where
        u1_0.id=?
Hibernate: 
    select
        c1_0.id,
        c1_0.description,
        c1_0.name 
    from
        categories c1_0 
    where
        c1_0.id=?
Hibernate: 
    select
        a1_0.id,
        a2_0.id,
        a2_0.created_at,
        a2_0.email,
        a2_0.full_name,
        a2_0.password,
        a2_0.role,
        a2_0.username,
        c1_0.id,
        c1_0.description,
        c1_0.name,
        a1_0.content,
        a1_0.created_at,
        a1_0.status,
        a1_0.summary,
        a1_0.thumbnail,
        a1_0.title,
        a1_0.updated_at,
        a1_0.views,
        c2_0.article_id,
        c2_0.id,
        c2_0.author_id,
        a3_0.id,
        a3_0.created_at,
        a3_0.email,
        a3_0.full_name,
        a3_0.password,
        a3_0.role,
        a3_0.username,
        c2_0.content,
        c2_0.created_at,
        c2_0.deleted,
        c2_0.deleted_at,
        pc1_0.id,
        pc1_0.article_id,
        pc1_0.author_id,
        a5_0.id,
        a5_0.created_at,
        a5_0.email,
        a5_0.full_name,
        a5_0.password,
        a5_0.role,
        a5_0.username,
        pc1_0.content,
        pc1_0.created_at,
        pc1_0.deleted,
        pc1_0.deleted_at,
        pc1_0.parent_comment_id,
        pc1_0.replaced_by_id,
        pc1_0.updated_at,
        c2_0.replaced_by_id,
        c2_0.updated_at 
    from
        articles a1_0 
    left join
        users a2_0 
            on a2_0.id=a1_0.author_id 
    left join
        categories c1_0 
            on c1_0.id=a1_0.category_id 
    left join
        comments c2_0 
            on a1_0.id=c2_0.article_id 
    left join
        users a3_0 
            on a3_0.id=c2_0.author_id 
    left join
        comments pc1_0 
            on pc1_0.id=c2_0.parent_comment_id 
    left join
        users a5_0 
            on a5_0.id=pc1_0.author_id 
    where
        a1_0.id=?
Hibernate: 
    select
        a1_0.id,
        a1_0.author_id,
        a1_0.category_id,
        a1_0.content,
        a1_0.created_at,
        a1_0.status,
        a1_0.summary,
        a1_0.thumbnail,
        a1_0.title,
        a1_0.updated_at,
        a1_0.views 
    from
        articles a1_0 
    where
        upper(a1_0.title)=upper(?)
Hibernate: 
    select
        u1_0.id,
        u1_0.created_at,
        u1_0.email,
        u1_0.full_name,
        u1_0.password,
        u1_0.role,
        u1_0.username 
    from
        users u1_0 
    where
        u1_0.id=?
Hibernate: 
    select
        c1_0.id,
        c1_0.description,
        c1_0.name 
    from
        categories c1_0 
    where
        c1_0.id=?
Hibernate: 
    select
        a1_0.id,
        a2_0.id,
        a2_0.created_at,
        a2_0.email,
        a2_0.full_name,
        a2_0.password,
        a2_0.role,
        a2_0.username,
        c1_0.id,
        c1_0.description,
        c1_0.name,
        a1_0.content,
        a1_0.created_at,
        a1_0.status,
        a1_0.summary,
        a1_0.thumbnail,
        a1_0.title,
        a1_0.updated_at,
        a1_0.views,
        c2_0.article_id,
        c2_0.id,
        c2_0.author_id,
        a3_0.id,
        a3_0.created_at,
        a3_0.email,
        a3_0.full_name,
        a3_0.password,
        a3_0.role,
        a3_0.username,
        c2_0.content,
        c2_0.created_at,
        c2_0.deleted,
        c2_0.deleted_at,
        pc1_0.id,
        pc1_0.article_id,
        pc1_0.author_id,
        a5_0.id,
        a5_0.created_at,
        a5_0.email,
        a5_0.full_name,
        a5_0.password,
        a5_0.role,
        a5_0.username,
        pc1_0.content,
        pc1_0.created_at,
        pc1_0.deleted,
        pc1_0.deleted_at,
        pc1_0.parent_comment_id,
        pc1_0.replaced_by_id,
        pc1_0.updated_at,
        c2_0.replaced_by_id,
        c2_0.updated_at 
    from
        articles a1_0 
    left join
        users a2_0 
            on a2_0.id=a1_0.author_id 
    left join
        categories c1_0 
            on c1_0.id=a1_0.category_id 
    left join
        comments c2_0 
            on a1_0.id=c2_0.article_id 
    left join
        users a3_0 
            on a3_0.id=c2_0.author_id 
    left join
        comments pc1_0 
            on pc1_0.id=c2_0.parent_comment_id 
    left join
        users a5_0 
            on a5_0.id=pc1_0.author_id 
    where
        a1_0.id=?
Hibernate: 
    select
        r1_0.parent_comment_id,
        r1_0.id,
        a1_0.id,
        a2_0.id,
        a2_0.created_at,
        a2_0.email,
        a2_0.full_name,
        a2_0.password,
        a2_0.role,
        a2_0.username,
        c1_0.id,
        c1_0.description,
        c1_0.name,
        a1_0.content,
        a1_0.created_at,
        a1_0.status,
        a1_0.summary,
        a1_0.thumbnail,
        a1_0.title,
        a1_0.updated_at,
        a1_0.views,
        r1_0.author_id,
        a3_0.id,
        a3_0.created_at,
        a3_0.email,
        a3_0.full_name,
        a3_0.password,
        a3_0.role,
        a3_0.username,
        r1_0.content,
        r1_0.created_at,
        r1_0.deleted,
        r1_0.deleted_at,
        r1_0.replaced_by_id,
        r1_0.updated_at 
    from
        comments r1_0 
    left join
        articles a1_0 
            on a1_0.id=r1_0.article_id 
    left join
        users a2_0 
            on a2_0.id=a1_0.author_id 
    left join
        categories c1_0 
            on c1_0.id=a1_0.category_id 
    left join
        users a3_0 
            on a3_0.id=r1_0.author_id 
    where
        r1_0.parent_comment_id=?
Hibernate: 
    select
        a1_0.id,
        a1_0.author_id,
        a1_0.category_id,
        a1_0.content,
        a1_0.created_at,
        a1_0.status,
        a1_0.summary,
        a1_0.thumbnail,
        a1_0.title,
        a1_0.updated_at,
        a1_0.views 
    from
        articles a1_0 
    where
        upper(a1_0.title)=upper(?)
Hibernate: 
    select
        u1_0.id,
        u1_0.created_at,
        u1_0.email,
        u1_0.full_name,
        u1_0.password,
        u1_0.role,
        u1_0.username 
    from
        users u1_0 
    where
        u1_0.id=?
Hibernate: 
    select
        c1_0.id,
        c1_0.description,
        c1_0.name 
    from
        categories c1_0 
    where
        c1_0.id=?
Hibernate: 
    select
        a1_0.id,
        a2_0.id,
        a2_0.created_at,
        a2_0.email,
        a2_0.full_name,
        a2_0.password,
        a2_0.role,
        a2_0.username,
        c1_0.id,
        c1_0.description,
        c1_0.name,
        a1_0.content,
        a1_0.created_at,
        a1_0.status,
        a1_0.summary,
        a1_0.thumbnail,
        a1_0.title,
        a1_0.updated_at,
        a1_0.views,
        c2_0.article_id,
        c2_0.id,
        c2_0.author_id,
        a3_0.id,
        a3_0.created_at,
        a3_0.email,
        a3_0.full_name,
        a3_0.password,
        a3_0.role,
        a3_0.username,
        c2_0.content,
        c2_0.created_at,
        c2_0.deleted,
        c2_0.deleted_at,
        pc1_0.id,
        pc1_0.article_id,
        pc1_0.author_id,
        a5_0.id,
        a5_0.created_at,
        a5_0.email,
        a5_0.full_name,
        a5_0.password,
        a5_0.role,
        a5_0.username,
        pc1_0.content,
        pc1_0.created_at,
        pc1_0.deleted,
        pc1_0.deleted_at,
        pc1_0.parent_comment_id,
        pc1_0.replaced_by_id,
        pc1_0.updated_at,
        c2_0.replaced_by_id,
        c2_0.updated_at 
    from
        articles a1_0 
    left join
        users a2_0 
            on a2_0.id=a1_0.author_id 
    left join
        categories c1_0 
            on c1_0.id=a1_0.category_id 
    left join
        comments c2_0 
            on a1_0.id=c2_0.article_id 
    left join
        users a3_0 
            on a3_0.id=c2_0.author_id 
    left join
        comments pc1_0 
            on pc1_0.id=c2_0.parent_comment_id 
    left join
        users a5_0 
            on a5_0.id=pc1_0.author_id 
    where
        a1_0.id=?
Hibernate: 
    select
        r1_0.parent_comment_id,
        r1_0.id,
        a1_0.id,
        a2_0.id,
        a2_0.created_at,
        a2_0.email,
        a2_0.full_name,
        a2_0.password,
        a2_0.role,
        a2_0.username,
        c1_0.id,
        c1_0.description,
        c1_0.name,
        a1_0.content,
        a1_0.created_at,
        a1_0.status,
        a1_0.summary,
        a1_0.thumbnail,
        a1_0.title,
        a1_0.updated_at,
        a1_0.views,
        r1_0.author_id,
        a3_0.id,
        a3_0.created_at,
        a3_0.email,
        a3_0.full_name,
        a3_0.password,
        a3_0.role,
        a3_0.username,
        r1_0.content,
        r1_0.created_at,
        r1_0.deleted,
        r1_0.deleted_at,
        r1_0.replaced_by_id,
        r1_0.updated_at 
    from
        comments r1_0 
    left join
        articles a1_0 
            on a1_0.id=r1_0.article_id 
    left join
        users a2_0 
            on a2_0.id=a1_0.author_id 
    left join
        categories c1_0 
            on c1_0.id=a1_0.category_id 
    left join
        users a3_0 
            on a3_0.id=r1_0.author_id 
    where
        r1_0.parent_comment_id=?
Hibernate: 
    select
        a1_0.id,
        a1_0.author_id,
        a1_0.category_id,
        a1_0.content,
        a1_0.created_at,
        a1_0.status,
        a1_0.summary,
        a1_0.thumbnail,
        a1_0.title,
        a1_0.updated_at,
        a1_0.views 
    from
        articles a1_0 
    where
        upper(a1_0.title)=upper(?)
Hibernate: 
    select
        u1_0.id,
        u1_0.created_at,
        u1_0.email,
        u1_0.full_name,
        u1_0.password,
        u1_0.role,
        u1_0.username 
    from
        users u1_0 
    where
        u1_0.id=?
Hibernate: 
    select
        c1_0.id,
        c1_0.description,
        c1_0.name 
    from
        categories c1_0 
    where
        c1_0.id=?
Hibernate: 
    select
        a1_0.id,
        a2_0.id,
        a2_0.created_at,
        a2_0.email,
        a2_0.full_name,
        a2_0.password,
        a2_0.role,
        a2_0.username,
        c1_0.id,
        c1_0.description,
        c1_0.name,
        a1_0.content,
        a1_0.created_at,
        a1_0.status,
        a1_0.summary,
        a1_0.thumbnail,
        a1_0.title,
        a1_0.updated_at,
        a1_0.views,
        c2_0.article_id,
        c2_0.id,
        c2_0.author_id,
        a3_0.id,
        a3_0.created_at,
        a3_0.email,
        a3_0.full_name,
        a3_0.password,
        a3_0.role,
        a3_0.username,
        c2_0.content,
        c2_0.created_at,
        c2_0.deleted,
        c2_0.deleted_at,
        pc1_0.id,
        pc1_0.article_id,
        pc1_0.author_id,
        a5_0.id,
        a5_0.created_at,
        a5_0.email,
        a5_0.full_name,
        a5_0.password,
        a5_0.role,
        a5_0.username,
        pc1_0.content,
        pc1_0.created_at,
        pc1_0.deleted,
        pc1_0.deleted_at,
        pc1_0.parent_comment_id,
        pc1_0.replaced_by_id,
        pc1_0.updated_at,
        c2_0.replaced_by_id,
        c2_0.updated_at 
    from
        articles a1_0 
    left join
        users a2_0 
            on a2_0.id=a1_0.author_id 
    left join
        categories c1_0 
            on c1_0.id=a1_0.category_id 
    left join
        comments c2_0 
            on a1_0.id=c2_0.article_id 
    left join
        users a3_0 
            on a3_0.id=c2_0.author_id 
    left join
        comments pc1_0 
            on pc1_0.id=c2_0.parent_comment_id 
    left join
        users a5_0 
            on a5_0.id=pc1_0.author_id 
    where
        a1_0.id=?
Hibernate: 
    select
        r1_0.parent_comment_id,
        r1_0.id,
        a1_0.id,
        a2_0.id,
        a2_0.created_at,
        a2_0.email,
        a2_0.full_name,
        a2_0.password,
        a2_0.role,
        a2_0.username,
        c1_0.id,
        c1_0.description,
        c1_0.name,
        a1_0.content,
        a1_0.created_at,
        a1_0.status,
        a1_0.summary,
        a1_0.thumbnail,
        a1_0.title,
        a1_0.updated_at,
        a1_0.views,
        r1_0.author_id,
        a3_0.id,
        a3_0.created_at,
        a3_0.email,
        a3_0.full_name,
        a3_0.password,
        a3_0.role,
        a3_0.username,
        r1_0.content,
        r1_0.created_at,
        r1_0.deleted,
        r1_0.deleted_at,
        r1_0.replaced_by_id,
        r1_0.updated_at 
    from
        comments r1_0 
    left join
        articles a1_0 
            on a1_0.id=r1_0.article_id 
    left join
        users a2_0 
            on a2_0.id=a1_0.author_id 
    left join
        categories c1_0 
            on c1_0.id=a1_0.category_id 
    left join
        users a3_0 
            on a3_0.id=r1_0.author_id 
    where
        r1_0.parent_comment_id=?
Hibernate: 
    select
        a1_0.id,
        a1_0.author_id,
        a1_0.category_id,
        a1_0.content,
        a1_0.created_at,
        a1_0.status,
        a1_0.summary,
        a1_0.thumbnail,
        a1_0.title,
        a1_0.updated_at,
        a1_0.views 
    from
        articles a1_0 
    where
        upper(a1_0.title)=upper(?)
Hibernate: 
    select
        u1_0.id,
        u1_0.created_at,
        u1_0.email,
        u1_0.full_name,
        u1_0.password,
        u1_0.role,
        u1_0.username 
    from
        users u1_0 
    where
        u1_0.id=?
Hibernate: 
    select
        c1_0.id,
        c1_0.description,
        c1_0.name 
    from
        categories c1_0 
    where
        c1_0.id=?
Hibernate: 
    select
        a1_0.id,
        a2_0.id,
        a2_0.created_at,
        a2_0.email,
        a2_0.full_name,
        a2_0.password,
        a2_0.role,
        a2_0.username,
        c1_0.id,
        c1_0.description,
        c1_0.name,
        a1_0.content,
        a1_0.created_at,
        a1_0.status,
        a1_0.summary,
        a1_0.thumbnail,
        a1_0.title,
        a1_0.updated_at,
        a1_0.views,
        c2_0.article_id,
        c2_0.id,
        c2_0.author_id,
        a3_0.id,
        a3_0.created_at,
        a3_0.email,
        a3_0.full_name,
        a3_0.password,
        a3_0.role,
        a3_0.username,
        c2_0.content,
        c2_0.created_at,
        c2_0.deleted,
        c2_0.deleted_at,
        pc1_0.id,
        pc1_0.article_id,
        pc1_0.author_id,
        a5_0.id,
        a5_0.created_at,
        a5_0.email,
        a5_0.full_name,
        a5_0.password,
        a5_0.role,
        a5_0.username,
        pc1_0.content,
        pc1_0.created_at,
        pc1_0.deleted,
        pc1_0.deleted_at,
        pc1_0.parent_comment_id,
        pc1_0.replaced_by_id,
        pc1_0.updated_at,
        c2_0.replaced_by_id,
        c2_0.updated_at 
    from
        articles a1_0 
    left join
        users a2_0 
            on a2_0.id=a1_0.author_id 
    left join
        categories c1_0 
            on c1_0.id=a1_0.category_id 
    left join
        comments c2_0 
            on a1_0.id=c2_0.article_id 
    left join
        users a3_0 
            on a3_0.id=c2_0.author_id 
    left join
        comments pc1_0 
            on pc1_0.id=c2_0.parent_comment_id 
    left join
        users a5_0 
            on a5_0.id=pc1_0.author_id 
    where
        a1_0.id=?
Hibernate: 
    select
        r1_0.parent_comment_id,
        r1_0.id,
        a1_0.id,
        a2_0.id,
        a2_0.created_at,
        a2_0.email,
        a2_0.full_name,
        a2_0.password,
        a2_0.role,
        a2_0.username,
        c1_0.id,
        c1_0.description,
        c1_0.name,
        a1_0.content,
        a1_0.created_at,
        a1_0.status,
        a1_0.summary,
        a1_0.thumbnail,
        a1_0.title,
        a1_0.updated_at,
        a1_0.views,
        r1_0.author_id,
        a3_0.id,
        a3_0.created_at,
        a3_0.email,
        a3_0.full_name,
        a3_0.password,
        a3_0.role,
        a3_0.username,
        r1_0.content,
        r1_0.created_at,
        r1_0.deleted,
        r1_0.deleted_at,
        r1_0.replaced_by_id,
        r1_0.updated_at 
    from
        comments r1_0 
    left join
        articles a1_0 
            on a1_0.id=r1_0.article_id 
    left join
        users a2_0 
            on a2_0.id=a1_0.author_id 
    left join
        categories c1_0 
            on c1_0.id=a1_0.category_id 
    left join
        users a3_0 
            on a3_0.id=r1_0.author_id 
    where
        r1_0.parent_comment_id=?
Hibernate: 
    select
        a1_0.id,
        a1_0.author_id,
        a1_0.category_id,
        a1_0.content,
        a1_0.created_at,
        a1_0.status,
        a1_0.summary,
        a1_0.thumbnail,
        a1_0.title,
        a1_0.updated_at,
        a1_0.views 
    from
        articles a1_0 
    where
        upper(a1_0.title)=upper(?)
Hibernate: 
    select
        u1_0.id,
        u1_0.created_at,
        u1_0.email,
        u1_0.full_name,
        u1_0.password,
        u1_0.role,
        u1_0.username 
    from
        users u1_0 
    where
        u1_0.id=?
Hibernate: 
    select
        c1_0.id,
        c1_0.description,
        c1_0.name 
    from
        categories c1_0 
    where
        c1_0.id=?
Hibernate: 
    select
        a1_0.id,
        a2_0.id,
        a2_0.created_at,
        a2_0.email,
        a2_0.full_name,
        a2_0.password,
        a2_0.role,
        a2_0.username,
        c1_0.id,
        c1_0.description,
        c1_0.name,
        a1_0.content,
        a1_0.created_at,
        a1_0.status,
        a1_0.summary,
        a1_0.thumbnail,
        a1_0.title,
        a1_0.updated_at,
        a1_0.views,
        c2_0.article_id,
        c2_0.id,
        c2_0.author_id,
        a3_0.id,
        a3_0.created_at,
        a3_0.email,
        a3_0.full_name,
        a3_0.password,
        a3_0.role,
        a3_0.username,
        c2_0.content,
        c2_0.created_at,
        c2_0.deleted,
        c2_0.deleted_at,
        pc1_0.id,
        pc1_0.article_id,
        pc1_0.author_id,
        a5_0.id,
        a5_0.created_at,
        a5_0.email,
        a5_0.full_name,
        a5_0.password,
        a5_0.role,
        a5_0.username,
        pc1_0.content,
        pc1_0.created_at,
        pc1_0.deleted,
        pc1_0.deleted_at,
        pc1_0.parent_comment_id,
        pc1_0.replaced_by_id,
        pc1_0.updated_at,
        c2_0.replaced_by_id,
        c2_0.updated_at 
    from
        articles a1_0 
    left join
        users a2_0 
            on a2_0.id=a1_0.author_id 
    left join
        categories c1_0 
            on c1_0.id=a1_0.category_id 
    left join
        comments c2_0 
            on a1_0.id=c2_0.article_id 
    left join
        users a3_0 
            on a3_0.id=c2_0.author_id 
    left join
        comments pc1_0 
            on pc1_0.id=c2_0.parent_comment_id 
    left join
        users a5_0 
            on a5_0.id=pc1_0.author_id 
    where
        a1_0.id=?
Hibernate: 
    select
        r1_0.parent_comment_id,
        r1_0.id,
        a1_0.id,
        a2_0.id,
        a2_0.created_at,
        a2_0.email,
        a2_0.full_name,
        a2_0.password,
        a2_0.role,
        a2_0.username,
        c1_0.id,
        c1_0.description,
        c1_0.name,
        a1_0.content,
        a1_0.created_at,
        a1_0.status,
        a1_0.summary,
        a1_0.thumbnail,
        a1_0.title,
        a1_0.updated_at,
        a1_0.views,
        r1_0.author_id,
        a3_0.id,
        a3_0.created_at,
        a3_0.email,
        a3_0.full_name,
        a3_0.password,
        a3_0.role,
        a3_0.username,
        r1_0.content,
        r1_0.created_at,
        r1_0.deleted,
        r1_0.deleted_at,
        r1_0.replaced_by_id,
        r1_0.updated_at 
    from
        comments r1_0 
    left join
        articles a1_0 
            on a1_0.id=r1_0.article_id 
    left join
        users a2_0 
            on a2_0.id=a1_0.author_id 
    left join
        categories c1_0 
            on c1_0.id=a1_0.category_id 
    left join
        users a3_0 
            on a3_0.id=r1_0.author_id 
    where
        r1_0.parent_comment_id=?
mvn : Mockito is currently self-attaching to enable the inline-mock-maker. This will no longer work in future releases of the JDK. Please add Mockito as an agent to your build as described in Mockito's documentation: 
https://javadoc.io/doc/org.mockito/mockito-core/latest/org.mockito/org/mockito/Mockito.html#0.3
At line:1 char:1
+ mvn -Dtest=HsfnewsApplicationTests test *> D:\hsfproject\test-log.txt
+ ~~~~~~~~~~~~~~~~~~~~~~~~~~~~~~~~~~~~~~~~~~~~~~~~~~~~~~~~~~~~~~~~~~~~~
    + CategoryInfo          : NotSpecified: (Mockito is curr...ockito.html#0.3:String) [], RemoteException
    + FullyQualifiedErrorId : NativeCommandError
 
OpenJDK 64-Bit Server VM warning: Sharing is only supported for boot loader classes because bootstrap classpath has been appended
WARNING: A Java agent has been loaded dynamically (C:\Users\ADMIN\.m2\repository\net\bytebuddy\byte-buddy-agent\1.17.8\byte-buddy-agent-1.17.8.jar)
WARNING: If a serviceability tool is in use, please run with -XX:+EnableDynamicAgentLoading to hide this warning
WARNING: If a serviceability tool is not in use, please run with -Djdk.instrument.traceUsage for more information
WARNING: Dynamic loading of agents will be disallowed by default in a future release
[INFO] Tests run: 1, Failures: 0, Errors: 0, Skipped: 0, Time elapsed: 9.728 s -- in com.fpt.sb.hsfnews.HsfnewsApplicationTests
[INFO] 
[INFO] Results:
[INFO] 
[INFO] Tests run: 1, Failures: 0, Errors: 0, Skipped: 0
[INFO] 
[INFO] ------------------------------------------------------------------------
[INFO] BUILD SUCCESS
[INFO] ------------------------------------------------------------------------
[INFO] Total time:  12.372 s
[INFO] Finished at: 2026-03-26T18:47:59+07:00
[INFO] ------------------------------------------------------------------------
